start training Encore-cvae in 2025-7-26 22:35:45
start training app=app_univ in 2025-7-26 22:35:48
encoder parameters: 449856, decoder parameters: 442006
Traceback (most recent call last):
  File "/mnt/ssd1/encore/open-source/encore/train_cvae.py", line 132, in <module>
    loss, recon, kld = train_model(encoder, decoder, dataloader, optimizer, kld_weight)
  File "/mnt/ssd1/encore/open-source/encore/train_cvae.py", line 44, in train_model
    total_loss.backward()
  File "/root/anaconda3/envs/encore/lib/python3.10/site-packages/torch/_tensor.py", line 648, in backward
    torch.autograd.backward(
  File "/root/anaconda3/envs/encore/lib/python3.10/site-packages/torch/autograd/__init__.py", line 353, in backward
    _engine_run_backward(
  File "/root/anaconda3/envs/encore/lib/python3.10/site-packages/torch/autograd/graph.py", line 824, in _engine_run_backward
    return Variable._execution_engine.run_backward(  # Calls into the C++ engine to run the backward pass
KeyboardInterrupt
start training Encore-gru in 2025-7-26 22:35:45
start training app=app_univ in 2025-7-26 22:36:29
Traceback (most recent call last):
  File "/mnt/ssd1/encore/open-source/encore/train_gru.py", line 181, in <module>
    trainset = get_trainset(data, block_size, n_size, n_interval, max_len, min_samples, device)
  File "/mnt/ssd1/encore/open-source/encore/train_gru.py", line 62, in get_trainset
    torch.from_numpy(target_sequence).to(device, non_blocking=True).long(),
KeyboardInterrupt
start training Encore-cvae in 2025-7-26 22:36:48
python encore/train_cvae.py --app app_univ --dir cvae-2025-7-26-22
start training app=app_univ in 2025-7-26 22:36:51
encoder parameters: 449856, decoder parameters: 442006
epoch: 10000, loss: 0.0073, recon: 0.0072, kld: 12.6013, lr: 1.00e-03, time: 143.77s
accuracy: 4.60e-02/6.31e-02/8.67e-02/1.10e-01/1.70e-01
coverage: 4.66e-02/5.90e-02/8.18e-02/9.70e-02/1.23e-01
----------------------------------------------------------------------------------------------------
epoch: 20000, loss: 0.0050, recon: 0.0048, kld: 12.9222, lr: 9.00e-04, time: 281.97s
accuracy: 4.30e-02/5.82e-02/7.88e-02/9.90e-02/1.60e-01
coverage: 4.62e-02/6.06e-02/8.34e-02/9.83e-02/1.27e-01
----------------------------------------------------------------------------------------------------
epoch: 30000, loss: 0.0042, recon: 0.0041, kld: 12.7787, lr: 9.00e-04, time: 426.35s
accuracy: 4.31e-02/5.86e-02/7.73e-02/9.87e-02/1.59e-01
coverage: 4.61e-02/6.16e-02/8.13e-02/9.37e-02/1.27e-01
----------------------------------------------------------------------------------------------------
epoch: 40000, loss: 0.0039, recon: 0.0037, kld: 12.8873, lr: 8.10e-04, time: 562.04s
accuracy: 4.29e-02/5.86e-02/7.86e-02/9.79e-02/1.67e-01
coverage: 4.75e-02/6.28e-02/8.31e-02/9.52e-02/1.29e-01
----------------------------------------------------------------------------------------------------
epoch: 50000, loss: 0.0036, recon: 0.0035, kld: 12.9608, lr: 8.10e-04, time: 697.71s
accuracy: 4.30e-02/5.93e-02/8.19e-02/1.03e-01/1.62e-01
coverage: 4.59e-02/6.27e-02/8.39e-02/1.02e-01/1.35e-01
----------------------------------------------------------------------------------------------------
epoch: 60000, loss: 0.0035, recon: 0.0033, kld: 13.0873, lr: 7.29e-04, time: 834.16s
accuracy: 4.34e-02/6.01e-02/7.91e-02/9.85e-02/1.50e-01
coverage: 4.58e-02/6.09e-02/8.39e-02/9.73e-02/1.20e-01
----------------------------------------------------------------------------------------------------
epoch: 70000, loss: 0.0033, recon: 0.0032, kld: 13.1468, lr: 7.29e-04, time: 974.59s
accuracy: 4.40e-02/5.90e-02/8.29e-02/1.00e-01/1.70e-01
coverage: 4.79e-02/6.33e-02/8.36e-02/9.87e-02/1.28e-01
----------------------------------------------------------------------------------------------------
epoch: 80000, loss: 0.0032, recon: 0.0031, kld: 13.2045, lr: 6.56e-04, time: 1108.76s
accuracy: 4.36e-02/5.87e-02/7.78e-02/9.73e-02/1.63e-01
coverage: 4.83e-02/6.25e-02/8.59e-02/9.95e-02/1.24e-01
----------------------------------------------------------------------------------------------------
epoch: 90000, loss: 0.0031, recon: 0.0030, kld: 13.2446, lr: 6.56e-04, time: 1247.00s
accuracy: 4.31e-02/6.05e-02/8.12e-02/9.82e-02/1.67e-01
coverage: 4.63e-02/6.31e-02/8.45e-02/9.95e-02/1.28e-01
----------------------------------------------------------------------------------------------------
epoch: 100000, loss: 0.0031, recon: 0.0029, kld: 13.3059, lr: 5.90e-04, time: 1380.08s
accuracy: 4.36e-02/5.86e-02/7.84e-02/9.48e-02/1.49e-01
coverage: 4.72e-02/6.55e-02/8.91e-02/1.04e-01/1.37e-01
----------------------------------------------------------------------------------------------------
epoch: 110000, loss: 0.0030, recon: 0.0029, kld: 13.3137, lr: 5.90e-04, time: 1516.21s
accuracy: 4.35e-02/5.91e-02/8.17e-02/9.66e-02/1.68e-01
coverage: 4.75e-02/6.34e-02/8.36e-02/9.96e-02/1.30e-01
----------------------------------------------------------------------------------------------------
epoch: 120000, loss: 0.0030, recon: 0.0028, kld: 13.3616, lr: 5.31e-04, time: 1653.61s
accuracy: 4.30e-02/5.90e-02/7.80e-02/9.89e-02/1.73e-01
coverage: 4.70e-02/6.33e-02/8.70e-02/9.91e-02/1.30e-01
----------------------------------------------------------------------------------------------------
epoch: 130000, loss: 0.0029, recon: 0.0028, kld: 13.3771, lr: 5.31e-04, time: 1791.04s
accuracy: 4.37e-02/5.94e-02/7.74e-02/9.61e-02/1.55e-01
coverage: 4.91e-02/6.51e-02/8.86e-02/1.04e-01/1.37e-01
----------------------------------------------------------------------------------------------------
epoch: 140000, loss: 0.0029, recon: 0.0028, kld: 13.4228, lr: 4.78e-04, time: 1920.76s
accuracy: 4.38e-02/5.99e-02/7.79e-02/1.00e-01/1.63e-01
coverage: 4.85e-02/6.35e-02/8.69e-02/1.04e-01/1.53e-01
----------------------------------------------------------------------------------------------------
epoch: 150000, loss: 0.0028, recon: 0.0027, kld: 13.4496, lr: 4.78e-04, time: 2050.61s
accuracy: 4.34e-02/5.96e-02/7.97e-02/9.65e-02/1.64e-01
coverage: 4.86e-02/6.58e-02/8.51e-02/1.05e-01/1.41e-01
----------------------------------------------------------------------------------------------------
epoch: 160000, loss: 0.0028, recon: 0.0027, kld: 13.4934, lr: 4.30e-04, time: 2189.16s
accuracy: 4.41e-02/5.99e-02/7.96e-02/9.84e-02/1.67e-01
coverage: 4.88e-02/6.40e-02/8.43e-02/1.01e-01/1.32e-01
----------------------------------------------------------------------------------------------------
epoch: 170000, loss: 0.0028, recon: 0.0026, kld: 13.5296, lr: 4.30e-04, time: 2324.29s
accuracy: 4.38e-02/5.93e-02/7.75e-02/9.57e-02/1.58e-01
coverage: 4.82e-02/6.37e-02/8.76e-02/1.01e-01/1.41e-01
----------------------------------------------------------------------------------------------------
epoch: 180000, loss: 0.0028, recon: 0.0026, kld: 13.5588, lr: 3.87e-04, time: 2458.92s
accuracy: 4.43e-02/6.04e-02/8.17e-02/9.86e-02/1.54e-01
coverage: 5.12e-02/6.77e-02/9.16e-02/1.09e-01/1.49e-01
----------------------------------------------------------------------------------------------------
epoch: 190000, loss: 0.0027, recon: 0.0026, kld: 13.6038, lr: 3.87e-04, time: 2592.79s
accuracy: 4.52e-02/6.06e-02/7.97e-02/9.96e-02/1.56e-01
coverage: 5.02e-02/6.59e-02/8.87e-02/1.03e-01/1.47e-01
----------------------------------------------------------------------------------------------------
epoch: 200000, loss: 0.0027, recon: 0.0026, kld: 13.6316, lr: 3.49e-04, time: 2722.97s
accuracy: 4.45e-02/6.16e-02/8.00e-02/1.02e-01/1.64e-01
coverage: 4.91e-02/6.65e-02/8.95e-02/1.05e-01/1.35e-01
----------------------------------------------------------------------------------------------------
epoch: 210000, loss: 0.0027, recon: 0.0025, kld: 13.6660, lr: 3.49e-04, time: 2858.88s
accuracy: 4.51e-02/6.05e-02/8.05e-02/1.01e-01/1.64e-01
coverage: 4.98e-02/6.82e-02/8.86e-02/1.10e-01/1.48e-01
----------------------------------------------------------------------------------------------------
epoch: 220000, loss: 0.0027, recon: 0.0025, kld: 13.6890, lr: 3.14e-04, time: 2995.72s
accuracy: 4.51e-02/6.02e-02/8.10e-02/9.63e-02/1.49e-01
coverage: 5.08e-02/6.88e-02/9.43e-02/1.15e-01/1.54e-01
----------------------------------------------------------------------------------------------------
epoch: 230000, loss: 0.0026, recon: 0.0025, kld: 13.7339, lr: 3.14e-04, time: 3128.20s
accuracy: 4.42e-02/5.99e-02/7.64e-02/9.57e-02/1.59e-01
coverage: 5.07e-02/6.55e-02/8.96e-02/1.07e-01/1.52e-01
----------------------------------------------------------------------------------------------------
epoch: 240000, loss: 0.0026, recon: 0.0025, kld: 13.7549, lr: 2.82e-04, time: 3262.22s
accuracy: 4.52e-02/6.09e-02/7.92e-02/9.68e-02/1.46e-01
coverage: 5.25e-02/7.32e-02/9.89e-02/1.15e-01/1.55e-01
----------------------------------------------------------------------------------------------------
epoch: 250000, loss: 0.0026, recon: 0.0025, kld: 13.7977, lr: 2.82e-04, time: 3395.84s
accuracy: 4.55e-02/6.14e-02/8.08e-02/1.00e-01/1.56e-01
coverage: 5.01e-02/7.01e-02/9.21e-02/1.06e-01/1.42e-01
----------------------------------------------------------------------------------------------------
epoch: 260000, loss: 0.0026, recon: 0.0025, kld: 13.8220, lr: 2.54e-04, time: 3533.56s
accuracy: 4.38e-02/6.01e-02/8.02e-02/9.75e-02/1.56e-01
coverage: 5.07e-02/6.86e-02/9.07e-02/1.09e-01/1.39e-01
----------------------------------------------------------------------------------------------------
epoch: 270000, loss: 0.0026, recon: 0.0024, kld: 13.8638, lr: 2.54e-04, time: 3673.73s
accuracy: 4.42e-02/6.01e-02/8.06e-02/9.68e-02/1.56e-01
coverage: 4.97e-02/6.93e-02/9.51e-02/1.11e-01/1.59e-01
----------------------------------------------------------------------------------------------------
epoch: 280000, loss: 0.0026, recon: 0.0024, kld: 13.8857, lr: 2.29e-04, time: 3811.29s
accuracy: 4.53e-02/6.10e-02/7.98e-02/9.96e-02/1.56e-01
coverage: 5.10e-02/6.79e-02/8.91e-02/1.07e-01/1.51e-01
----------------------------------------------------------------------------------------------------
epoch: 290000, loss: 0.0026, recon: 0.0024, kld: 13.9281, lr: 2.29e-04, time: 3944.01s
accuracy: 4.46e-02/5.99e-02/8.10e-02/9.56e-02/1.64e-01
coverage: 5.11e-02/7.04e-02/9.51e-02/1.15e-01/1.54e-01
----------------------------------------------------------------------------------------------------
epoch: 300000, loss: 0.0025, recon: 0.0024, kld: 13.9526, lr: 2.06e-04, time: 4080.55s
accuracy: 4.59e-02/6.21e-02/7.93e-02/9.87e-02/1.44e-01
coverage: 5.08e-02/7.03e-02/9.37e-02/1.08e-01/1.41e-01
----------------------------------------------------------------------------------------------------
Training finished with app=app_univ in 2025-7-26 23:44:53
start training Encore-gru in 2025-7-26 22:36:48
python encore/train_gru.py --app app_univ --dir gru-2025-7-26-22
start training app=app_univ in 2025-7-27 7:53:08
190
218
41421
epoch: 10000, loss: 3.2558, lr=9.00e-04, time: 57min 57sec
epoch: 20000, loss: 1.6051, lr=8.10e-04, time: 116min 7sec
epoch: 30000, loss: 1.1930, lr=7.29e-04, time: 181min 11sec
epoch: 40000, loss: 0.9989, lr=6.56e-04, time: 260min 53sec
epoch: 50000, loss: 0.8881, lr=5.90e-04, time: 361min 14sec
epoch: 60000, loss: 0.8006, lr=5.31e-04, time: 471min 41sec
epoch: 70000, loss: 0.7603, lr=4.78e-04, time: 587min 1sec
epoch: 80000, loss: 0.7140, lr=4.30e-04, time: 705min 14sec
epoch: 90000, loss: 0.6716, lr=3.87e-04, time: 825min 21sec
epoch: 100000, loss: 0.6417, lr=3.49e-04, time: 946min 19sec
epoch: 110000, loss: 0.6271, lr=3.14e-04, time: 1065min 12sec
epoch: 120000, loss: 0.6187, lr=2.82e-04, time: 1183min 43sec
epoch: 130000, loss: 0.5925, lr=2.54e-04, time: 1298min 14sec
epoch: 140000, loss: 0.5851, lr=2.29e-04, time: 1411min 32sec
epoch: 150000, loss: 0.5761, lr=2.06e-04, time: 1525min 4sec
epoch: 160000, loss: 0.5686, lr=1.85e-04, time: 1640min 0sec
epoch: 170000, loss: 0.5648, lr=1.67e-04, time: 1754min 53sec
epoch: 180000, loss: 0.5525, lr=1.50e-04, time: 1879min 32sec
